    Checking rc3d-io v0.1.0 (D:\source\repos\rustcoin3d\crates\rc3d-io)
warning: unused variable: `u_min`
   --> crates\rc3d-io\src\step\surface_tess.rs:695:5
    |
695 |     u_min: f32,
    |     ^^^^^ help: if this is intentional, prefix it with an underscore: `_u_min`
    |
    = note: `#[warn(unused_variables)]` (part of `#[warn(unused)]`) on by default

warning: unused variable: `u_max`
   --> crates\rc3d-io\src\step\surface_tess.rs:696:5
    |
696 |     u_max: f32,
    |     ^^^^^ help: if this is intentional, prefix it with an underscore: `_u_max`

warning: unused variable: `v_min`
   --> crates\rc3d-io\src\step\surface_tess.rs:697:5
    |
697 |     v_min: f32,
    |     ^^^^^ help: if this is intentional, prefix it with an underscore: `_v_min`

warning: unused variable: `v_max`
   --> crates\rc3d-io\src\step\surface_tess.rs:698:5
    |
698 |     v_max: f32,
    |     ^^^^^ help: if this is intentional, prefix it with an underscore: `_v_max`

warning: `rc3d-io` (lib) generated 4 warnings (run `cargo fix --lib -p rc3d-io` to apply 4 suggestions)
    Finished `dev` profile [unoptimized + debuginfo] target(s) in 1.04s
